<html>
<body>
<pre>
<h1>礦ision Build Log</h1>
<h2>Tool Versions:</h2>
IDE-Version: μVision V5.22.0.0
Copyright (C) 2016 ARM Ltd and ARM Germany GmbH. All rights reserved.
License Information: as sd, sds, LIC=Z3CX7-ENZ75-YBSE9-4SYHY-ZSP41-VLYPF
 
Tool Versions:
Toolchain:       MDK-ARM Professional  Version: 5.22
Toolchain Path:  d:\Keil_v5\ARM\ARMCC\Bin
C Compiler:      Armcc.exe V5.06 update 4 (build 422)
Assembler:       Armasm.exe V5.06 update 4 (build 422)
Linker/Locator:  ArmLink.exe V5.06 update 4 (build 422)
Library Manager: ArmAr.exe V5.06 update 4 (build 422)
Hex Converter:   FromElf.exe V5.06 update 4 (build 422)
CPU DLL:         SARMCM3.DLL V5.22
Dialog DLL:      DCM.DLL V1.13.9.0
Target DLL:      Segger\JL2CM3.dll V2.99.23.0
Dialog DLL:      TCM.DLL V1.21.0.0
 
<h2>Project:</h2>
C:\Users\Administrator\Desktop\STM32F407ZGT6\Project\RVMDK\BH-F407.uvprojx
Project File Date:  02/05/2018

<h2>Output:</h2>
*** Using Compiler 'V5.06 update 4 (build 422)', folder: 'd:\Keil_v5\ARM\ARMCC\Bin'
Build target 'STM32F407'
assembling startup_stm32f40xx.s...
compiling system_stm32f4xx.c...
compiling misc.c...
compiling stm32f4xx_adc.c...
compiling stm32f4xx_can.c...
compiling stm32f4xx_cec.c...
compiling stm32f4xx_crc.c...
compiling stm32f4xx_cryp.c...
compiling stm32f4xx_cryp_des.c...
compiling stm32f4xx_cryp_aes.c...
compiling stm32f4xx_dac.c...
compiling stm32f4xx_dbgmcu.c...
compiling stm32f4xx_cryp_tdes.c...
compiling stm32f4xx_dcmi.c...
compiling stm32f4xx_dma.c...
compiling stm32f4xx_exti.c...
compiling stm32f4xx_flash.c...
compiling stm32f4xx_flash_ramfunc.c...
compiling stm32f4xx_fsmc.c...
compiling stm32f4xx_fmpi2c.c...
compiling stm32f4xx_gpio.c...
compiling stm32f4xx_hash.c...
compiling stm32f4xx_hash_md5.c...
compiling stm32f4xx_hash_sha1.c...
compiling stm32f4xx_i2c.c...
compiling stm32f4xx_pwr.c...
compiling stm32f4xx_iwdg.c...
compiling stm32f4xx_qspi.c...
compiling stm32f4xx_rng.c...
compiling stm32f4xx_rcc.c...
compiling stm32f4xx_rtc.c...
compiling stm32f4xx_sai.c...
compiling stm32f4xx_sdio.c...
compiling stm32f4xx_spdifrx.c...
compiling stm32f4xx_syscfg.c...
compiling stm32f4xx_spi.c...
compiling stm32f4xx_tim.c...
compiling stm32f4xx_usart.c...
compiling stm32f4xx_wwdg.c...
compiling stm32f4xx_it.c...
compiling USART.c...
..\..\User\USART.c(138): warning:  #223-D: function "printf" declared implicitly
      
rint ("DMA开始发送\n");
..\..\User\USART.c: 1 warning, 0 errors
compiling DEBUG.c...
compiling DMA_USART_SEND.c...
..\..\User\DMA_USART_SEND.c(90): warning:  #223-D: function "printf" declared implicitly
  	
rint ("发送数据域长度为%u位\n",length);
..\..\User\DMA_USART_SEND.c(164): warning:  #223-D: function "printf" declared implicitly
  	
rint ("功能码为0x%04x\n",CMD);
..\..\User\DMA_USART_SEND.c: 2 warnings, 0 errors
compiling user_reversion.c...
..\..\User\user_reversion.c(208): warning:  #223-D: function "printf" declared implicitly
  	
rint ("AD采集为%u  ADC采集完成\n",PA5_Adc_Data); 
..\..\User\user_reversion.c: 1 warning, 0 errors
compiling user_adc.c...
compiling user_beed.c...
compiling os_app_hooks.c...
compiling app.c...
compiling user_sram.c...
..\..\User\user_sram.c(366): warning:  #223-D: function "printf" declared implicitly
    
rint("正在检测SRAM，以8位、16位的方式读写sram...");
..\..\User\user_sram.c: 1 warning, 0 errors
compiling cpu_core.c...
assembling cpu_a.asm...
compiling bsp.c...
compiling lib_ascii.c...
compiling cpu_c.c...
compiling lib_mem.c...
compiling lib_math.c...
compiling lib_str.c...
assembling lib_mem_a.asm...
compiling os_core.c...
compiling bsp_led.c...
compiling os_cfg_app.c...
compiling os_int.c...
compiling os_flag.c...
compiling os_dbg.c...
compiling os_mutex.c...
compiling os_mem.c...
compiling os_msg.c...
compiling os_prio.c...
compiling os_q.c...
compiling os_pend_multi.c...
compiling os_sem.c...
compiling os_stat.c...
compiling os_tick.c...
compiling os_task.c...
compiling os_time.c...
compiling os_tmr.c...
compiling os_var.c...
assembling os_cpu_a.asm...
compiling os_cpu_c.c...
linking...
Program Size: Code=21888 RO-data=1008 RW-data=284 ZI-data=18892  
FromELF: creating hex file...
".\Output\Template.axf" - 0 Error(s), 5 Warning(s).

<h2>Collection of Component include folders:</h2>
  C:\Users\Administrator\Desktop\STM32F407ZGT6\Project\RVMDK\RTE\_STM32F407
  d:\Keil_v5\ARM\PACK\Keil\STM32F4xx_DFP\2.11.0\Drivers\CMSIS\Device\ST\STM32F4xx\Include

<h2>Collection of Component Files used:</h2>
Build Time Elapsed:  00:00:39
</pre>
</body>
</html>
